.next/types/validator.ts(125,39): error TS2307: Cannot find module '../../app/lab-crud/page.js' or its corresponding type declarations.
app/api/lab-services/[id]/route.ts(2,35): error TS2307: Cannot find module '@lab-crud/repositories/ServiceRepository' or its corresponding type declarations.
app/api/lab-services/[id]/route.ts(3,32): error TS2307: Cannot find module '@lab-crud/services/ServiceService' or its corresponding type declarations.
app/api/lab-services/route.ts(2,35): error TS2307: Cannot find module '@lab-crud/repositories/ServiceRepository' or its corresponding type declarations.
app/api/lab-services/route.ts(3,32): error TS2307: Cannot find module '@lab-crud/services/ServiceService' or its corresponding type declarations.
